// Jest Snapshot v1, https://goo.gl/fbAQLP

exports[`UnauthorizedUserModal component should render Modal component 1`] = `<DocumentFragment />`;
