// Jest Snapshot v1, https://goo.gl/fbAQLP

exports[`PermissionAccess should render the component without error 1`] = `
<DocumentFragment>
  <p
    class="MuiTypography-root MuiTypography-body2 MuiTypography-colorTextSecondary"
    style="padding-left: 6px;"
  >
    Permission access
  </p>
  <div
    class="MuiGrid-root makeStyles-mainCard-9 MuiGrid-item MuiGrid-grid-xs-12"
  >
    <div
      class="MuiPaper-root MuiCard-root makeStyles-root-2 makeStyles-cardPaper-6 MuiPaper-outlined MuiPaper-rounded"
      data-testid="dashboard-card"
    >
      <div
        class="MuiCardContent-root makeStyles-content-4"
      >
        <div
          class="MuiGrid-root MuiGrid-container MuiGrid-spacing-xs-2 MuiGrid-item MuiGrid-direction-xs-column MuiGrid-align-items-xs-center MuiGrid-justify-xs-center MuiGrid-grid-xs-12"
          data-testid="body"
          style="display: flex; text-align: center; margin: 0px;"
        >
          <div
            style="height: 400px; width: 100%;"
          >
            <div
              style="display: flex; height: 100%;"
            >
              <div
                style="flex-grow: 1;"
              >
                <div
                  aria-colcount="6"
                  aria-label="grid"
                  aria-multiselectable="false"
                  aria-rowcount="1"
                  class="MuiDataGrid-root MuiDataGrid-root makeStyles-root-1"
                  role="grid"
                >
                  <div>
                    <div />
                  </div>
                  <div
                    class="MuiDataGrid-main"
                  >
                    <div
                      class="MuiDataGrid-columnsContainer"
                      style="min-height: 56px; max-height: 56px; line-height: 56px;"
                    >
                      <div
                        aria-rowindex="1"
                        class="MuiDataGrid-colCellWrapper scroll"
                        role="row"
                        style="transform: translate3d(-0px, 0, 0); min-width: 600px;"
                      >
                        <div
                          aria-colindex="1"
                          class="MuiDataGrid-colCell table-header"
                          data-field="access_levels"
                          role="columnheader"
                          style="width: 100px; min-width: 100px; max-width: 100px;"
                          tabindex="-1"
                        >
                          <div
                            class="MuiDataGrid-colCell-draggable"
                            draggable="false"
                          >
                            <div
                              class="MuiDataGrid-colCellTitleContainer"
                            >
                              <div
                                class="MuiDataGrid-colCellTitle"
                                title=""
                              >
                                Access levels
                              </div>
                            </div>
                          </div>
                          <div
                            class="MuiDataGrid-columnSeparator"
                            style="min-height: 56px; opacity: 1;"
                          >
                            <svg
                              aria-hidden="true"
                              class="MuiSvgIcon-root MuiDataGrid-iconSeparator"
                              focusable="false"
                              viewBox="0 0 24 24"
                            >
                              <path
                                d="M11 19V5h2v14z"
                              />
                            </svg>
                          </div>
                        </div>
                        <div
                          aria-colindex="2"
                          class="MuiDataGrid-colCell table-header"
                          data-field="full access"
                          role="columnheader"
                          style="width: 100px; min-width: 100px; max-width: 100px;"
                          tabindex="-1"
                        >
                          <div
                            class="MuiDataGrid-colCell-draggable"
                            draggable="false"
                          >
                            <div
                              class="MuiDataGrid-colCellTitleContainer"
                            >
                              <div
                                class="MuiDataGrid-colCellTitle"
                                title=""
                              >
                                Full access
                              </div>
                            </div>
                          </div>
                          <div
                            class="MuiDataGrid-columnSeparator"
                            style="min-height: 56px; opacity: 1;"
                          >
                            <svg
                              aria-hidden="true"
                              class="MuiSvgIcon-root MuiDataGrid-iconSeparator"
                              focusable="false"
                              viewBox="0 0 24 24"
                            >
                              <path
                                d="M11 19V5h2v14z"
                              />
                            </svg>
                          </div>
                        </div>
                        <div
                          aria-colindex="3"
                          class="MuiDataGrid-colCell table-header"
                          data-field="view"
                          role="columnheader"
                          style="width: 100px; min-width: 100px; max-width: 100px;"
                          tabindex="-1"
                        >
                          <div
                            class="MuiDataGrid-colCell-draggable"
                            draggable="false"
                          >
                            <div
                              class="MuiDataGrid-colCellTitleContainer"
                            >
                              <div
                                class="MuiDataGrid-colCellTitle"
                                title=""
                              >
                                View
                              </div>
                            </div>
                          </div>
                          <div
                            class="MuiDataGrid-columnSeparator"
                            style="min-height: 56px; opacity: 1;"
                          >
                            <svg
                              aria-hidden="true"
                              class="MuiSvgIcon-root MuiDataGrid-iconSeparator"
                              focusable="false"
                              viewBox="0 0 24 24"
                            >
                              <path
                                d="M11 19V5h2v14z"
                              />
                            </svg>
                          </div>
                        </div>
                        <div
                          class="MuiDataGrid-cell"
                          style="min-width: 300px; max-width: 300px; line-height: 55px; min-height: 56px; max-height: 56px;"
                        />
                      </div>
                    </div>
                    <div
                      style="overflow: visible; height: 0px; width: 0px;"
                    >
                      <div
                        class="MuiDataGrid-windowContainer"
                        style="width: 0px; height: 0px;"
                      >
                        <div
                          class="MuiDataGrid-window"
                          style="top: 56px; overflow-y: auto;"
                        >
                          <div
                            class="MuiDataGrid-dataContainer data-container"
                            style="min-width: 600px; min-height: 52px;"
                          >
                            <div
                              class="MuiDataGrid-viewport"
                              style="min-width: 0; max-width: 0; max-height: 0;"
                            >
                              <div
                                class="MuiDataGrid-renderingZone"
                                style="max-height: 52px; width: 600px; pointer-events: none; transform: translate3d(-0px, -0px, 0);"
                              >
                                <div
                                  aria-rowindex="2"
                                  aria-selected="false"
                                  class="MuiDataGrid-row Mui-even"
                                  data-id="Roles"
                                  data-rowindex="0"
                                  role="row"
                                  style="max-height: 52px; min-height: 52px;"
                                >
                                  <div
                                    aria-colindex="0"
                                    class="MuiDataGrid-cell MuiDataGrid-cellLeft"
                                    data-field="access_levels"
                                    data-mode="view"
                                    data-rowindex="0"
                                    data-value="Roles"
                                    role="cell"
                                    style="min-width: 100px; max-width: 100px; line-height: 51px; min-height: 52px; max-height: 52px;"
                                    tabindex="0"
                                  >
                                    Roles
                                  </div>
                                  <div
                                    aria-colindex="1"
                                    class="MuiDataGrid-cell  MuiDataGrid-cellWithRenderer MuiDataGrid-cellLeft"
                                    data-field="full access"
                                    data-mode="view"
                                    data-rowindex="0"
                                    data-value="5db373875e38b20ae991710d"
                                    role="cell"
                                    style="min-width: 100px; max-width: 100px; line-height: 51px; min-height: 52px; max-height: 52px;"
                                    tabindex="-1"
                                  >
                                    <span
                                      aria-disabled="false"
                                      class="MuiButtonBase-root MuiIconButton-root PrivateSwitchBase-root-14 MuiCheckbox-root MuiCheckbox-colorPrimary MuiIconButton-colorPrimary"
                                    >
                                      <span
                                        class="MuiIconButton-label"
                                      >
                                        <input
                                          class="PrivateSwitchBase-input-17"
                                          data-indeterminate="false"
                                          name="5db373875e38b20ae991710d-full access"
                                          type="checkbox"
                                          value=""
                                        />
                                        <svg
                                          aria-hidden="true"
                                          class="MuiSvgIcon-root MuiSvgIcon-fontSizeSmall"
                                          focusable="false"
                                          viewBox="0 0 24 24"
                                        >
                                          <path
                                            d="M19 5v14H5V5h14m0-2H5c-1.1 0-2 .9-2 2v14c0 1.1.9 2 2 2h14c1.1 0 2-.9 2-2V5c0-1.1-.9-2-2-2z"
                                          />
                                        </svg>
                                      </span>
                                      <span
                                        class="MuiTouchRipple-root"
                                      />
                                    </span>
                                  </div>
                                  <div
                                    aria-colindex="2"
                                    class="MuiDataGrid-cell  MuiDataGrid-cellWithRenderer MuiDataGrid-cellLeft"
                                    data-field="view"
                                    data-mode="view"
                                    data-rowindex="0"
                                    data-value="5db373875e38b20ae991710d"
                                    role="cell"
                                    style="min-width: 100px; max-width: 100px; line-height: 51px; min-height: 52px; max-height: 52px;"
                                    tabindex="-1"
                                  >
                                    <span
                                      aria-disabled="false"
                                      class="MuiButtonBase-root MuiIconButton-root PrivateSwitchBase-root-14 MuiCheckbox-root MuiCheckbox-colorPrimary MuiIconButton-colorPrimary"
                                    >
                                      <span
                                        class="MuiIconButton-label"
                                      >
                                        <input
                                          class="PrivateSwitchBase-input-17"
                                          data-indeterminate="false"
                                          name="5db373875e38b20ae991710d-view"
                                          type="checkbox"
                                          value=""
                                        />
                                        <svg
                                          aria-hidden="true"
                                          class="MuiSvgIcon-root MuiSvgIcon-fontSizeSmall"
                                          focusable="false"
                                          viewBox="0 0 24 24"
                                        >
                                          <path
                                            d="M19 5v14H5V5h14m0-2H5c-1.1 0-2 .9-2 2v14c0 1.1.9 2 2 2h14c1.1 0 2-.9 2-2V5c0-1.1-.9-2-2-2z"
                                          />
                                        </svg>
                                      </span>
                                      <span
                                        class="MuiTouchRipple-root"
                                      />
                                    </span>
                                  </div>
                                  <div
                                    class="MuiDataGrid-cell"
                                    style="min-width: 300px; max-width: 300px; line-height: 51px; min-height: 52px; max-height: 52px;"
                                  />
                                </div>
                              </div>
                            </div>
                          </div>
                        </div>
                      </div>
                    </div>
                    <div
                      class="Mui-resizeTriggers"
                    >
                      <div
                        class="expand-trigger"
                      >
                        <div
                          style="width: 1px; height: 1px;"
                        />
                      </div>
                      <div
                        class="contract-trigger"
                      />
                    </div>
                  </div>
                  <div>
                    <div
                      class="MuiDataGrid-footer"
                    >
                      <div />
                      <div
                        class="MuiTablePagination-root"
                      >
                        <div
                          class="MuiToolbar-root MuiToolbar-regular MuiTablePagination-toolbar MuiToolbar-gutters"
                        >
                          <div
                            class="MuiTablePagination-spacer"
                          />
                          <p
                            class="MuiTypography-root MuiTablePagination-caption makeStyles-caption-12 MuiTypography-body2 MuiTypography-colorInherit"
                          >
                            1-1 of 1
                          </p>
                          <div
                            class="MuiTablePagination-actions"
                          >
                            <button
                              aria-label="Previous page"
                              class="MuiButtonBase-root MuiIconButton-root MuiIconButton-colorInherit Mui-disabled Mui-disabled"
                              disabled=""
                              tabindex="-1"
                              title="Previous page"
                              type="button"
                            >
                              <span
                                class="MuiIconButton-label"
                              >
                                <svg
                                  aria-hidden="true"
                                  class="MuiSvgIcon-root"
                                  focusable="false"
                                  viewBox="0 0 24 24"
                                >
                                  <path
                                    d="M15.41 16.09l-4.58-4.59 4.58-4.59L14 5.5l-6 6 6 6z"
                                  />
                                </svg>
                              </span>
                            </button>
                            <button
                              aria-label="Next page"
                              class="MuiButtonBase-root MuiIconButton-root MuiIconButton-colorInherit Mui-disabled Mui-disabled"
                              disabled=""
                              tabindex="-1"
                              title="Next page"
                              type="button"
                            >
                              <span
                                class="MuiIconButton-label"
                              >
                                <svg
                                  aria-hidden="true"
                                  class="MuiSvgIcon-root"
                                  focusable="false"
                                  viewBox="0 0 24 24"
                                >
                                  <path
                                    d="M8.59 16.34l4.58-4.59-4.58-4.59L10 5.75l6 6-6 6z"
                                  />
                                </svg>
                              </span>
                            </button>
                          </div>
                        </div>
                      </div>
                    </div>
                  </div>
                </div>
              </div>
            </div>
          </div>
        </div>
      </div>
    </div>
  </div>
</DocumentFragment>
`;
